> Task :compileJava UP-TO-DATE
> Task :processResources UP-TO-DATE
> Task :classes UP-TO-DATE
> Task :compileTestJava
> Task :processTestResources
> Task :testClasses
> Task :test
> Task :jacocoTestReport

BUILD SUCCESSFUL in 3s
6 actionable tasks: 4 executed, 2 up-to-date
